Archive member included to satisfy reference by file (symbol)

/home/trenton/st/stm32cubeide_2.1.1/plugins/com.st.stm32cube.ide.mcu.externaltools.gnu-tools-for-stm32.14.3.rel1.linux64_1.0.100.202602081740/tools/bin/../lib/gcc/arm-none-eabi/14.3.1/../../../../arm-none-eabi/lib/thumb/v7e-m+fp/hard/libc_nano.a(libc_a-exit.o)
                              /home/trenton/st/stm32cubeide_2.1.1/plugins/com.st.stm32cube.ide.mcu.externaltools.gnu-tools-for-stm32.14.3.rel1.linux64_1.0.100.202602081740/tools/bin/../lib/gcc/arm-none-eabi/14.3.1/../../../../arm-none-eabi/lib/thumb/v7e-m+fp/hard/crt0.o (exit)
/home/trenton/st/stm32cubeide_2.1.1/plugins/com.st.stm32cube.ide.mcu.externaltools.gnu-tools-for-stm32.14.3.rel1.linux64_1.0.100.202602081740/tools/bin/../lib/gcc/arm-none-eabi/14.3.1/../../../../arm-none-eabi/lib/thumb/v7e-m+fp/hard/libc_nano.a(libc_a-findfp.o)
                              /home/trenton/st/stm32cubeide_2.1.1/plugins/com.st.stm32cube.ide.mcu.externaltools.gnu-tools-for-stm32.14.3.rel1.linux64_1.0.100.202602081740/tools/bin/../lib/gcc/arm-none-eabi/14.3.1/../../../../arm-none-eabi/lib/thumb/v7e-m+fp/hard/libc_nano.a(libc_a-exit.o) (__stdio_exit_handler)
/home/trenton/st/stm32cubeide_2.1.1/plugins/com.st.stm32cube.ide.mcu.externaltools.gnu-tools-for-stm32.14.3.rel1.linux64_1.0.100.202602081740/tools/bin/../lib/gcc/arm-none-eabi/14.3.1/../../../../arm-none-eabi/lib/thumb/v7e-m+fp/hard/libc_nano.a(libc_a-fwalk.o)
                              /home/trenton/st/stm32cubeide_2.1.1/plugins/com.st.stm32cube.ide.mcu.externaltools.gnu-tools-for-stm32.14.3.rel1.linux64_1.0.100.202602081740/tools/bin/../lib/gcc/arm-none-eabi/14.3.1/../../../../arm-none-eabi/lib/thumb/v7e-m+fp/hard/libc_nano.a(libc_a-findfp.o) (_fwalk_sglue)
/home/trenton/st/stm32cubeide_2.1.1/plugins/com.st.stm32cube.ide.mcu.externaltools.gnu-tools-for-stm32.14.3.rel1.linux64_1.0.100.202602081740/tools/bin/../lib/gcc/arm-none-eabi/14.3.1/../../../../arm-none-eabi/lib/thumb/v7e-m+fp/hard/libc_nano.a(libc_a-stdio.o)
                              /home/trenton/st/stm32cubeide_2.1.1/plugins/com.st.stm32cube.ide.mcu.externaltools.gnu-tools-for-stm32.14.3.rel1.linux64_1.0.100.202602081740/tools/bin/../lib/gcc/arm-none-eabi/14.3.1/../../../../arm-none-eabi/lib/thumb/v7e-m+fp/hard/libc_nano.a(libc_a-findfp.o) (__sread)
/home/trenton/st/stm32cubeide_2.1.1/plugins/com.st.stm32cube.ide.mcu.externaltools.gnu-tools-for-stm32.14.3.rel1.linux64_1.0.100.202602081740/tools/bin/../lib/gcc/arm-none-eabi/14.3.1/../../../../arm-none-eabi/lib/thumb/v7e-m+fp/hard/libc_nano.a(libc_a-memset.o)
                              /home/trenton/st/stm32cubeide_2.1.1/plugins/com.st.stm32cube.ide.mcu.externaltools.gnu-tools-for-stm32.14.3.rel1.linux64_1.0.100.202602081740/tools/bin/../lib/gcc/arm-none-eabi/14.3.1/../../../../arm-none-eabi/lib/thumb/v7e-m+fp/hard/crt0.o (memset)
/home/trenton/st/stm32cubeide_2.1.1/plugins/com.st.stm32cube.ide.mcu.externaltools.gnu-tools-for-stm32.14.3.rel1.linux64_1.0.100.202602081740/tools/bin/../lib/gcc/arm-none-eabi/14.3.1/../../../../arm-none-eabi/lib/thumb/v7e-m+fp/hard/libc_nano.a(libc_a-closer.o)
                              /home/trenton/st/stm32cubeide_2.1.1/plugins/com.st.stm32cube.ide.mcu.externaltools.gnu-tools-for-stm32.14.3.rel1.linux64_1.0.100.202602081740/tools/bin/../lib/gcc/arm-none-eabi/14.3.1/../../../../arm-none-eabi/lib/thumb/v7e-m+fp/hard/libc_nano.a(libc_a-stdio.o) (_close_r)
/home/trenton/st/stm32cubeide_2.1.1/plugins/com.st.stm32cube.ide.mcu.externaltools.gnu-tools-for-stm32.14.3.rel1.linux64_1.0.100.202602081740/tools/bin/../lib/gcc/arm-none-eabi/14.3.1/../../../../arm-none-eabi/lib/thumb/v7e-m+fp/hard/libc_nano.a(libc_a-reent.o)
                              /home/trenton/st/stm32cubeide_2.1.1/plugins/com.st.stm32cube.ide.mcu.externaltools.gnu-tools-for-stm32.14.3.rel1.linux64_1.0.100.202602081740/tools/bin/../lib/gcc/arm-none-eabi/14.3.1/../../../../arm-none-eabi/lib/thumb/v7e-m+fp/hard/libc_nano.a(libc_a-closer.o) (errno)
/home/trenton/st/stm32cubeide_2.1.1/plugins/com.st.stm32cube.ide.mcu.externaltools.gnu-tools-for-stm32.14.3.rel1.linux64_1.0.100.202602081740/tools/bin/../lib/gcc/arm-none-eabi/14.3.1/../../../../arm-none-eabi/lib/thumb/v7e-m+fp/hard/libc_nano.a(libc_a-impure.o)
                              /home/trenton/st/stm32cubeide_2.1.1/plugins/com.st.stm32cube.ide.mcu.externaltools.gnu-tools-for-stm32.14.3.rel1.linux64_1.0.100.202602081740/tools/bin/../lib/gcc/arm-none-eabi/14.3.1/../../../../arm-none-eabi/lib/thumb/v7e-m+fp/hard/libc_nano.a(libc_a-reent.o) (_impure_ptr)
/home/trenton/st/stm32cubeide_2.1.1/plugins/com.st.stm32cube.ide.mcu.externaltools.gnu-tools-for-stm32.14.3.rel1.linux64_1.0.100.202602081740/tools/bin/../lib/gcc/arm-none-eabi/14.3.1/../../../../arm-none-eabi/lib/thumb/v7e-m+fp/hard/libc_nano.a(libc_a-lseekr.o)
[...]
Memory Configuration

Name             Origin             Length             Attributes
RAM              0x20000000         0x00018000         xrw
SRAM2            0x10000000         0x00008000         xrw
FLASH            0x08000000         0x00100000         xr
*default*        0x00000000         0xffffffff

Linker script and memory map

LOAD /home/trenton/st/stm32cubeide_2.1.1/plugins/com.st.stm32cube.ide.mcu.externaltools.gnu-tools-for-stm32.14.3.rel1.linux64_1.0.100.202602081740/tools/bin/../lib/gcc/arm-none-eabi/14.3.1/thumb/v7e-m+fp/hard/crti.o
LOAD /home/trenton/st/stm32cubeide_2.1.1/plugins/com.st.stm32cube.ide.mcu.externaltools.gnu-tools-for-stm32.14.3.rel1.linux64_1.0.100.202602081740/tools/bin/../lib/gcc/arm-none-eabi/14.3.1/thumb/v7e-m+fp/hard/crtbegin.o
LOAD /home/trenton/st/stm32cubeide_2.1.1/plugins/com.st.stm32cube.ide.mcu.externaltools.gnu-tools-for-stm32.14.3.rel1.linux64_1.0.100.202602081740/tools/bin/../lib/gcc/arm-none-eabi/14.3.1/../../../../arm-none-eabi/lib/thumb/v7e-m+fp/hard/crt0.o
LOAD ./Src/I2C.o
LOAD ./Src/LED.o
LOAD ./Src/SERVO.o
LOAD ./Src/USART1.o
LOAD ./Src/main.o
LOAD ./Src/syscalls.o
LOAD ./Src/sysmem.o
LOAD ./Startup/startup_stm32l476rgtx.o
START GROUP
LOAD /home/trenton/st/stm32cubeide_2.1.1/plugins/com.st.stm32cube.ide.mcu.externaltools.gnu-tools-for-stm32.14.3.rel1.linux64_1.0.100.202602081740/tools/bin/../lib/gcc/arm-none-eabi/14.3.1/../../../../arm-none-eabi/lib/thumb/v7e-m+fp/hard/libc_nano.a
LOAD /home/trenton/st/stm32cubeide_2.1.1/plugins/com.st.stm32cube.ide.mcu.externaltools.gnu-tools-for-stm32.14.3.rel1.linux64_1.0.100.202602081740/tools/bin/../lib/gcc/arm-none-eabi/14.3.1/../../../../arm-none-eabi/lib/thumb/v7e-m+fp/hard/libm.a
END GROUP
START GROUP
LOAD /home/trenton/st/stm32cubeide_2.1.1/plugins/com.st.stm32cube.ide.mcu.externaltools.gnu-tools-for-stm32.14.3.rel1.linux64_1.0.100.202602081740/tools/bin/../lib/gcc/arm-none-eabi/14.3.1/thumb/v7e-m+fp/hard/libgcc.a
LOAD /home/trenton/st/stm32cubeide_2.1.1/plugins/com.st.stm32cube.ide.mcu.externaltools.gnu-tools-for-stm32.14.3.rel1.linux64_1.0.100.202602081740/tools/bin/../lib/gcc/arm-none-eabi/14.3.1/../../../../arm-none-eabi/lib/thumb/v7e-m+fp/hard/libc_nano.a
END GROUP
START GROUP
LOAD /home/trenton/st/stm32cubeide_2.1.1/plugins/com.st.stm32cube.ide.mcu.externaltools.gnu-tools-for-stm32.14.3.rel1.linux64_1.0.100.202602081740/tools/bin/../lib/gcc/arm-none-eabi/14.3.1/thumb/v7e-m+fp/hard/libgcc.a
LOAD /home/trenton/st/stm32cubeide_2.1.1/plugins/com.st.stm32cube.ide.mcu.externaltools.gnu-tools-for-stm32.14.3.rel1.linux64_1.0.100.202602081740/tools/bin/../lib/gcc/arm-none-eabi/14.3.1/../../../../arm-none-eabi/lib/thumb/v7e-m+fp/hard/libc_nano.a
LOAD /home/trenton/st/stm32cubeide_2.1.1/plugins/com.st.stm32cube.ide.mcu.externaltools.gnu-tools-for-stm32.14.3.rel1.linux64_1.0.100.202602081740/tools/bin/../lib/gcc/arm-none-eabi/14.3.1/../../../../arm-none-eabi/lib/thumb/v7e-m+fp/hard/libnosys.a
END GROUP
START GROUP
LOAD /home/trenton/st/stm32cubeide_2.1.1/plugins/com.st.stm32cube.ide.mcu.externaltools.gnu-tools-for-stm32.14.3.rel1.linux64_1.0.100.202602081740/tools/bin/../lib/gcc/arm-none-eabi/14.3.1/thumb/v7e-m+fp/hard/libgcc.a
LOAD /home/trenton/st/stm32cubeide_2.1.1/plugins/com.st.stm32cube.ide.mcu.externaltools.gnu-tools-for-stm32.14.3.rel1.linux64_1.0.100.202602081740/tools/bin/../lib/gcc/arm-none-eabi/14.3.1/../../../../arm-none-eabi/lib/thumb/v7e-m+fp/hard/libc_nano.a
LOAD /home/trenton/st/stm32cubeide_2.1.1/plugins/com.st.stm32cube.ide.mcu.externaltools.gnu-tools-for-stm32.14.3.rel1.linux64_1.0.100.202602081740/tools/bin/../lib/gcc/arm-none-eabi/14.3.1/../../../../arm-none-eabi/lib/thumb/v7e-m+fp/hard/libnosys.a
END GROUP
LOAD /home/trenton/st/stm32cubeide_2.1.1/plugins/com.st.stm32cube.ide.mcu.externaltools.gnu-tools-for-stm32.14.3.rel1.linux64_1.0.100.202602081740/tools/bin/../lib/gcc/arm-none-eabi/14.3.1/thumb/v7e-m+fp/hard/crtend.o
LOAD /home/trenton/st/stm32cubeide_2.1.1/plugins/com.st.stm32cube.ide.mcu.externaltools.gnu-tools-for-stm32.14.3.rel1.linux64_1.0.100.202602081740/tools/bin/../lib/gcc/arm-none-eabi/14.3.1/thumb/v7e-m+fp/hard/crtn.o
                0x20018000                        _estack = (ORIGIN (RAM) + LENGTH (RAM))
                0x00000200                        _Min_Heap_Size = 0x200
                0x00000400                        _Min_Stack_Size = 0x400

.isr_vector     0x08000000      0x18c
                0x08000000                        . = ALIGN (0x4)
 *(.isr_vector)
 .isr_vector    0x08000000      0x18c ./Startup/startup_stm32l476rgtx.o
                0x08000000                g_pfnVectors
                0x0800018c                        . = ALIGN (0x4)

.text           0x0800018c      0xdb4
                0x0800018c                        . = ALIGN (0x4)
 *(.text)
 .text          0x0800018c       0x40 /home/trenton/st/stm32cubeide_2.1.1/plugins/com.st.stm32cube.ide.mcu.externaltools.gnu-tools-for-stm32.14.3.rel1.linux64_1.0.100.202602081740/tools/bin/../lib/gcc/arm-none-eabi/14.3.1/thumb/v7e-m+fp/hard/crtbegin.o
 .text          0x080001cc       0x14 /home/trenton/st/stm32cubeide_2.1.1/plugins/com.st.stm32cube.ide.mcu.externaltools.gnu-tools-for-stm32.14.3.rel1.linux64_1.0.100.202602081740/tools/bin/../lib/gcc/arm-none-eabi/14.3.1/../../../../arm-none-eabi/lib/thumb/v7e-m+fp/hard/libc_nano.a(libc_a-strcmp.o)
                0x080001cc                strcmp
 *(.text*)
 .text.I2C_GPIO_init
                0x080001e0       0x78 ./Src/I2C.o
                0x080001e0                I2C_GPIO_init
 .text.I2C_Initialization
                0x08000258       0xe4 ./Src/I2C.o
                0x08000258                I2C_Initialization
 .text.I2C_Start
                0x0800033c       0xe2 ./Src/I2C.o
                0x0800033c                I2C_Start
 .text.I2C_WaitLineIdle
                0x0800041e       0x26 ./Src/I2C.o
                0x0800041e                I2C_WaitLineIdle
 .text.I2C_SendData
                0x08000444       0x90 ./Src/I2C.o
                0x08000444                I2C_SendData
 .text.VEML7700_WriteReg16
                0x080004d4       0x4c ./Src/I2C.o
                0x080004d4                VEML7700_WriteReg16
 .text.VEML7700_ReadReg16
                0x08000520      0x164 ./Src/I2C.o
                0x08000520                VEML7700_ReadReg16
 .text.configure_LED_pin
                0x08000684       0x60 ./Src/LED.o
                0x08000684                configure_LED_pin
 .text.turn_on_LED
                0x080006e4       0x1e ./Src/LED.o
                0x080006e4                turn_on_LED
 .text.turn_off_LED
                0x08000702       0x1e ./Src/LED.o
                0x08000702                turn_off_LED
 .text.configure_PA1
                0x08000720       0x80 ./Src/SERVO.o
                0x08000720                configure_PA1
 .text.TIM5_CH2_Init
                0x080007a0       0x90 ./Src/SERVO.o
                0x080007a0                TIM5_CH2_Init
 .text.Servo_Move_Center_All
                0x08000830       0x1c ./Src/SERVO.o
                0x08000830                Servo_Move_Center_All
 .text.Servo_Move_Off_FlickSwitch
                0x0800084c       0x1c ./Src/SERVO.o
                0x0800084c                Servo_Move_Off_FlickSwitch
 .text.Servo_Move_On_FlickSwitch
                0x08000868       0x1c ./Src/SERVO.o
                0x08000868                Servo_Move_On_FlickSwitch
 .text.__NVIC_EnableIRQ
                0x08000884       0x3c ./Src/USART1.o
 .text.USART1_Pin_Init
                0x080008c0       0x60 ./Src/USART1.o
                0x080008c0                USART1_Pin_Init
 .text.USART1_Init
                0x08000920       0xa0 ./Src/USART1.o
                0x08000920                USART1_Init
 .text.USART1_IRQHandler
                0x080009c0       0x58 ./Src/USART1.o
                0x080009c0                USART1_IRQHandler
 .text.FPU_Enable
                0x08000a18       0x30 ./Src/main.o
                0x08000a18                FPU_Enable
 .text.delay_ms
                0x08000a48       0x40 ./Src/main.o
                0x08000a48                delay_ms
 .text.calculate_lux
                0x08000a88       0x30 ./Src/main.o
                0x08000a88                calculate_lux
 .text.Ambient_CalibrateStartup
                0x08000ab8      0x110 ./Src/main.o
                0x08000ab8                Ambient_CalibrateStartup
 .text.Light_Reached_Target
                0x08000bc8       0xb0 ./Src/main.o
                0x08000bc8                Light_Reached_Target
 .text.Try_Turn_Light_Until_Target
                0x08000c78       0xf4 ./Src/main.o
                0x08000c78                Try_Turn_Light_Until_Target
 .text.main     0x08000d6c      0x120 ./Src/main.o
                0x08000d6c                main
 .text.Reset_Handler
                0x08000e8c       0x50 ./Startup/startup_stm32l476rgtx.o
                0x08000e8c                Reset_Handler
 .text.Default_Handler
                0x08000edc        0x2 ./Startup/startup_stm32l476rgtx.o
                0x08000edc                EXTI2_IRQHandler
                0x08000edc                TIM8_TRG_COM_IRQHandler
                0x08000edc                TIM8_CC_IRQHandler
                0x08000edc                DebugMon_Handler
                0x08000edc                DMA1_CH4_IRQHandler
                0x08000edc                TIM1_CC_IRQHandler
                0x08000edc                TSC_IRQHandler
                0x08000edc                HardFault_Handler
                0x08000edc                SysTick_Handler
                0x08000edc                TAMP_STAMP_IRQHandler
                0x08000edc                PendSV_Handler
                0x08000edc                NMI_Handler
                0x08000edc                EXTI3_IRQHandler
                0x08000edc                LPTIM2_IRQHandler
                0x08000edc                DFSDM1_FLT1_IRQHandler
                0x08000edc                I2C3_ER_IRQHandler
                0x08000edc                DFSDM1_FLT2_IRQHandler
                0x08000edc                TIM6_DACUNDER_IRQHandler
                0x08000edc                EXTI0_IRQHandler
                0x08000edc                I2C2_EV_IRQHandler
                0x08000edc                DMA2_CH1_IRQHandler
                0x08000edc                CAN1_RX0_IRQHandler
                0x08000edc                FPU_IRQHandler
                0x08000edc                TIM1_UP_TIM16_IRQHandler
                0x08000edc                DMA2_CH7_IRQHandler
                0x08000edc                UsageFault_Handler
                0x08000edc                ADC1_2_IRQHandler
                0x08000edc                SPI1_IRQHandler
                0x08000edc                DMA1_CH7_IRQHandler
                0x08000edc                TIM8_UP_IRQHandler
                0x08000edc                RTC_ALARM_IRQHandler
                0x08000edc                SAI2_IRQHandler
                0x08000edc                DFSDM1_FLT3_IRQHandler
                0x08000edc                DMA1_CH6_IRQHandler
                0x08000edc                USART3_IRQHandler
                0x08000edc                CAN1_RX1_IRQHandler
                0x08000edc                LCD_IRQHandler
                0x08000edc                UART5_IRQHandler
                0x08000edc                ADC3_IRQHandler
                0x08000edc                TIM4_IRQHandler
                0x08000edc                QUADSPI_IRQHandler
                0x08000edc                I2C1_EV_IRQHandler
                0x08000edc                DMA2_CH5_IRQHandler
                0x08000edc                UART4_IRQHandler
                0x08000edc                DMA1_CH3_IRQHandler
                0x08000edc                TIM3_IRQHandler
                0x08000edc                RCC_IRQHandler
                0x08000edc                Default_Handler
                0x08000edc                EXTI15_10_IRQHandler
                0x08000edc                TIM7_IRQHandler
                0x08000edc                SDMMC1_IRQHandler
                0x08000edc                TIM5_IRQHandler
                0x08000edc                I2C3_EV_IRQHandler
                0x08000edc                EXTI9_5_IRQHandler
                0x08000edc                DMA1_CH2_IRQHandler
                0x08000edc                RTC_WKUP_IRQHandler
                0x08000edc                PVD_PVM_IRQHandler
                0x08000edc                SPI2_IRQHandler
                0x08000edc                DMA1_CH1_IRQHandler
                0x08000edc                MemManage_Handler
                0x08000edc                CAN1_TX_IRQHandler
                0x08000edc                SVC_Handler
                0x08000edc                CRS_IRQHandler
                0x08000edc                EXTI4_IRQHandler
                0x08000edc                RNG_IRQHandler
                0x08000edc                TIM1_TRG_COM_TIM17_IRQHandler
                0x08000edc                COMP_IRQHandler
                0x08000edc                WWDG_IRQHandler
                0x08000edc                LPUART1_IRQHandler
                0x08000edc                TIM2_IRQHandler
                0x08000edc                EXTI1_IRQHandler
                0x08000edc                USART2_IRQHandler
                0x08000edc                DFSDM1_FLT0_IRQHandler
                0x08000edc                I2C2_ER_IRQHandler
                0x08000edc                TIM8_BRK_IRQHandler
                0x08000edc                CAN1_SCE_IRQHandler
                0x08000edc                FLASH_IRQHandler
                0x08000edc                BusFault_Handler
                0x08000edc                OTG_FS_IRQHandler
                0x08000edc                SPI3_IRQHandler
                0x08000edc                DMA2_CH6_IRQHandler
                0x08000edc                DMA2_CH3_IRQHandler
                0x08000edc                DMA2_CH2_IRQHandler
                0x08000edc                I2C1_ER_IRQHandler
                0x08000edc                FMC_IRQHandler
                0x08000edc                DMA1_CH5_IRQHandler
                0x08000edc                DMA2_CH4_IRQHandler
                0x08000edc                SWPMI1_IRQHandler
                0x08000edc                LPTIM1_IRQHandler
                0x08000edc                SAI1_IRQHandler
                0x08000edc                TIM1_BRK_TIM15_IRQHandler
 *fill*         0x08000ede        0x2 
 .text.__libc_init_array
                0x08000ee0       0x48 /home/trenton/st/stm32cubeide_2.1.1/plugins/com.st.stm32cube.ide.mcu.externaltools.gnu-tools-for-stm32.14.3.rel1.linux64_1.0.100.202602081740/tools/bin/../lib/gcc/arm-none-eabi/14.3.1/../../../../arm-none-eabi/lib/thumb/v7e-m+fp/hard/libc_nano.a(libc_a-init.o)
                0x08000ee0                __libc_init_array
 *(.glue_7)
 .glue_7        0x08000f28        0x0 linker stubs
 *(.glue_7t)
 .glue_7t       0x08000f28        0x0 linker stubs
 *(.eh_frame)
 .eh_frame      0x08000f28        0x0 /home/trenton/st/stm32cubeide_2.1.1/plugins/com.st.stm32cube.ide.mcu.externaltools.gnu-tools-for-stm32.14.3.rel1.linux64_1.0.100.202602081740/tools/bin/../lib/gcc/arm-none-eabi/14.3.1/thumb/v7e-m+fp/hard/crtbegin.o
 *(.init)
 .init          0x08000f28        0x4 /home/trenton/st/stm32cubeide_2.1.1/plugins/com.st.stm32cube.ide.mcu.externaltools.gnu-tools-for-stm32.14.3.rel1.linux64_1.0.100.202602081740/tools/bin/../lib/gcc/arm-none-eabi/14.3.1/thumb/v7e-m+fp/hard/crti.o
                0x08000f28                _init
 .init          0x08000f2c        0x8 /home/trenton/st/stm32cubeide_2.1.1/plugins/com.st.stm32cube.ide.mcu.externaltools.gnu-tools-for-stm32.14.3.rel1.linux64_1.0.100.202602081740/tools/bin/../lib/gcc/arm-none-eabi/14.3.1/thumb/v7e-m+fp/hard/crtn.o
 *(.fini)
 .fini          0x08000f34        0x4 /home/trenton/st/stm32cubeide_2.1.1/plugins/com.st.stm32cube.ide.mcu.externaltools.gnu-tools-for-stm32.14.3.rel1.linux64_1.0.100.202602081740/tools/bin/../lib/gcc/arm-none-eabi/14.3.1/thumb/v7e-m+fp/hard/crti.o
                0x08000f34                _fini
 .fini          0x08000f38        0x8 /home/trenton/st/stm32cubeide_2.1.1/plugins/com.st.stm32cube.ide.mcu.externaltools.gnu-tools-for-stm32.14.3.rel1.linux64_1.0.100.202602081740/tools/bin/../lib/gcc/arm-none-eabi/14.3.1/thumb/v7e-m+fp/hard/crtn.o
                0x08000f40                        . = ALIGN (0x4)
                0x08000f40                        _etext = .

.vfp11_veneer   0x08000f40        0x0
 .vfp11_veneer  0x08000f40        0x0 linker stubs

.v4_bx          0x08000f40        0x0
 .v4_bx         0x08000f40        0x0 linker stubs

.iplt           0x08000f40        0x0
 .iplt          0x08000f40        0x0 /home/trenton/st/stm32cubeide_2.1.1/plugins/com.st.stm32cube.ide.mcu.externaltools.gnu-tools-for-stm32.14.3.rel1.linux64_1.0.100.202602081740/tools/bin/../lib/gcc/arm-none-eabi/14.3.1/thumb/v7e-m+fp/hard/crtbegin.o

.rodata         0x08000f40        0x8
                0x08000f40                        . = ALIGN (0x4)
 *(.rodata)
 .rodata        0x08000f40        0x7 ./Src/main.o
 *(.rodata*)
                0x08000f48                        . = ALIGN (0x4)
 *fill*         0x08000f47        0x1 

.ARM.extab      0x08000f48        0x0
                0x08000f48                        . = ALIGN (0x4)
 *(.ARM.extab* .gnu.linkonce.armextab.*)
                0x08000f48                        . = ALIGN (0x4)

.ARM            0x08000f48        0x8
                0x08000f48                        . = ALIGN (0x4)
                0x08000f48                        __exidx_start = .
 *(.ARM.exidx*)
 .ARM.exidx     0x08000f48        0x8 /home/trenton/st/stm32cubeide_2.1.1/plugins/com.st.stm32cube.ide.mcu.externaltools.gnu-tools-for-stm32.14.3.rel1.linux64_1.0.100.202602081740/tools/bin/../lib/gcc/arm-none-eabi/14.3.1/../../../../arm-none-eabi/lib/thumb/v7e-m+fp/hard/libc_nano.a(libc_a-strcmp.o)
                0x08000f50                        __exidx_end = .
                0x08000f50                        . = ALIGN (0x4)

.preinit_array  0x08000f50        0x0
                0x08000f50                        . = ALIGN (0x4)
                0x08000f50                        PROVIDE (__preinit_array_start = .)
 *(.preinit_array*)
                0x08000f50                        PROVIDE (__preinit_array_end = .)
                0x08000f50                        . = ALIGN (0x4)

.init_array     0x08000f50        0x4
                0x08000f50                        . = ALIGN (0x4)
                0x08000f50                        PROVIDE (__init_array_start = .)
 *(SORT_BY_NAME(.init_array.*))
 *(.init_array*)
 .init_array    0x08000f50        0x4 /home/trenton/st/stm32cubeide_2.1.1/plugins/com.st.stm32cube.ide.mcu.externaltools.gnu-tools-for-stm32.14.3.rel1.linux64_1.0.100.202602081740/tools/bin/../lib/gcc/arm-none-eabi/14.3.1/thumb/v7e-m+fp/hard/crtbegin.o
                0x08000f54                        PROVIDE (__init_array_end = .)
                0x08000f54                        . = ALIGN (0x4)

.fini_array     0x08000f54        0x4
                0x08000f54                        . = ALIGN (0x4)
                [!provide]                        PROVIDE (__fini_array_start = .)
 *(SORT_BY_NAME(.fini_array.*))
 *(.fini_array*)
 .fini_array    0x08000f54        0x4 /home/trenton/st/stm32cubeide_2.1.1/plugins/com.st.stm32cube.ide.mcu.externaltools.gnu-tools-for-stm32.14.3.rel1.linux64_1.0.100.202602081740/tools/bin/../lib/gcc/arm-none-eabi/14.3.1/thumb/v7e-m+fp/hard/crtbegin.o
                [!provide]                        PROVIDE (__fini_array_end = .)
                0x08000f58                        . = ALIGN (0x4)
                0x08000f58                        _sidata = LOADADDR (.data)

.rel.dyn        0x08000f58        0x0
 .rel.iplt      0x08000f58        0x0 /home/trenton/st/stm32cubeide_2.1.1/plugins/com.st.stm32cube.ide.mcu.externaltools.gnu-tools-for-stm32.14.3.rel1.linux64_1.0.100.202602081740/tools/bin/../lib/gcc/arm-none-eabi/14.3.1/thumb/v7e-m+fp/hard/crtbegin.o

.data           0x20000000        0x0 load address 0x08000f58
                0x20000000                        . = ALIGN (0x4)
                0x20000000                        _sdata = .
 *(.data)
 *(.data*)
 *(.RamFunc)
 *(.RamFunc*)
                0x20000000                        . = ALIGN (0x4)
                0x20000000                        _edata = .
                0x08000f58                        _sisram2 = LOADADDR (.sram2)

.igot.plt       0x20000000        0x0 load address 0x08000f58
 .igot.plt      0x20000000        0x0 /home/trenton/st/stm32cubeide_2.1.1/plugins/com.st.stm32cube.ide.mcu.externaltools.gnu-tools-for-stm32.14.3.rel1.linux64_1.0.100.202602081740/tools/bin/../lib/gcc/arm-none-eabi/14.3.1/thumb/v7e-m+fp/hard/crtbegin.o

.sram2          0x10000000        0x0 load address 0x08000f58
                0x10000000                        . = ALIGN (0x4)
                0x10000000                        _ssram2 = .
 *(.sram2)
 *(.sram2*)
                0x10000000                        . = ALIGN (0x4)
                0x10000000                        _esram2 = .
                0x10000000                        . = ALIGN (0x4)

.bss            0x20000000       0x30
                0x20000000                        _sbss = .
                0x20000000                        __bss_start__ = _sbss
 *(.bss)
 .bss           0x20000000       0x1c /home/trenton/st/stm32cubeide_2.1.1/plugins/com.st.stm32cube.ide.mcu.externaltools.gnu-tools-for-stm32.14.3.rel1.linux64_1.0.100.202602081740/tools/bin/../lib/gcc/arm-none-eabi/14.3.1/thumb/v7e-m+fp/hard/crtbegin.o
 *(.bss*)
 .bss.bluetooth_button
                0x2000001c        0x1 ./Src/USART1.o
                0x2000001c                bluetooth_button
 .bss.bluetooth_data_ready
                0x2000001d        0x1 ./Src/USART1.o
                0x2000001d                bluetooth_data_ready
 .bss.raw       0x2000001e        0x2 ./Src/main.o
                0x2000001e                raw
 .bss.lux       0x20000020        0x4 ./Src/main.o
                0x20000020                lux
 .bss.ambient_baseline_raw
                0x20000024        0x2 ./Src/main.o
                0x20000024                ambient_baseline_raw
 .bss.light_on_threshold_raw
                0x20000026        0x2 ./Src/main.o
                0x20000026                light_on_threshold_raw
 .bss.light_off_threshold_raw
                0x20000028        0x2 ./Src/main.o
                0x20000028                light_off_threshold_raw
 .bss.light_off_drop_raw
                0x2000002a        0x2 ./Src/main.o
                0x2000002a                light_off_drop_raw
 .bss.light_state
                0x2000002c        0x1 ./Src/main.o
                0x2000002c                light_state
 *(COMMON)
                0x20000030                        . = ALIGN (0x4)
 *fill*         0x2000002d        0x3 
                0x20000030                        _ebss = .
                0x20000030                        __bss_end__ = _ebss

._user_heap_stack
                0x20000030      0x600
                0x20000030                        . = ALIGN (0x8)
                [!provide]                        PROVIDE (end = .)
                0x20000030                        PROVIDE (_end = .)
                0x20000230                        . = (. + _Min_Heap_Size)
 *fill*         0x20000030      0x200 
                0x20000630                        . = (. + _Min_Stack_Size)
 *fill*         0x20000230      0x400 
                0x20000630                        . = ALIGN (0x8)

/DISCARD/
 libc.a(*)
 libm.a(*)
 libgcc.a(*)

.ARM.attributes
                0x00000000       0x30
 *(.ARM.attributes)
 .ARM.attributes
                0x00000000       0x22 /home/trenton/st/stm32cubeide_2.1.1/plugins/com.st.stm32cube.ide.mcu.externaltools.gnu-tools-for-stm32.14.3.rel1.linux64_1.0.100.202602081740/tools/bin/../lib/gcc/arm-none-eabi/14.3.1/thumb/v7e-m+fp/hard/crti.o
 .ARM.attributes
                0x00000022       0x34 /home/trenton/st/stm32cubeide_2.1.1/plugins/com.st.stm32cube.ide.mcu.externaltools.gnu-tools-for-stm32.14.3.rel1.linux64_1.0.100.202602081740/tools/bin/../lib/gcc/arm-none-eabi/14.3.1/thumb/v7e-m+fp/hard/crtbegin.o
 .ARM.attributes
                0x00000056       0x34 ./Src/I2C.o
 .ARM.attributes
                0x0000008a       0x34 ./Src/LED.o
 .ARM.attributes
                0x000000be       0x34 ./Src/SERVO.o
 .ARM.attributes
                0x000000f2       0x34 ./Src/USART1.o
 .ARM.attributes
                0x00000126       0x34 ./Src/main.o
 .ARM.attributes
                0x0000015a       0x21 ./Startup/startup_stm32l476rgtx.o
 .ARM.attributes
                0x0000017b       0x34 /home/trenton/st/stm32cubeide_2.1.1/plugins/com.st.stm32cube.ide.mcu.externaltools.gnu-tools-for-stm32.14.3.rel1.linux64_1.0.100.202602081740/tools/bin/../lib/gcc/arm-none-eabi/14.3.1/../../../../arm-none-eabi/lib/thumb/v7e-m+fp/hard/libc_nano.a(libc_a-init.o)
 .ARM.attributes
                0x000001af       0x20 /home/trenton/st/stm32cubeide_2.1.1/plugins/com.st.stm32cube.ide.mcu.externaltools.gnu-tools-for-stm32.14.3.rel1.linux64_1.0.100.202602081740/tools/bin/../lib/gcc/arm-none-eabi/14.3.1/../../../../arm-none-eabi/lib/thumb/v7e-m+fp/hard/libc_nano.a(libc_a-strcmp.o)
 .ARM.attributes
                0x000001cf       0x22 /home/trenton/st/stm32cubeide_2.1.1/plugins/com.st.stm32cube.ide.mcu.externaltools.gnu-tools-for-stm32.14.3.rel1.linux64_1.0.100.202602081740/tools/bin/../lib/gcc/arm-none-eabi/14.3.1/thumb/v7e-m+fp/hard/crtn.o
OUTPUT(FinalProject.elf elf32-littlearm)
LOAD linker stubs
LOAD /home/trenton/st/stm32cubeide_2.1.1/plugins/com.st.stm32cube.ide.mcu.externaltools.gnu-tools-for-stm32.14.3.rel1.linux64_1.0.100.202602081740/tools/bin/../lib/gcc/arm-none-eabi/14.3.1/../../../../arm-none-eabi/lib/thumb/v7e-m+fp/hard/libc.a
LOAD /home/trenton/st/stm32cubeide_2.1.1/plugins/com.st.stm32cube.ide.mcu.externaltools.gnu-tools-for-stm32.14.3.rel1.linux64_1.0.100.202602081740/tools/bin/../lib/gcc/arm-none-eabi/14.3.1/../../../../arm-none-eabi/lib/thumb/v7e-m+fp/hard/libm.a
LOAD /home/trenton/st/stm32cubeide_2.1.1/plugins/com.st.stm32cube.ide.mcu.externaltools.gnu-tools-for-stm32.14.3.rel1.linux64_1.0.100.202602081740/tools/bin/../lib/gcc/arm-none-eabi/14.3.1/thumb/v7e-m+fp/hard/libgcc.a

.debug_info     0x00000000     0x1ed0
 .debug_info    0x00000000      0x63a ./Src/I2C.o
 .debug_info    0x0000063a      0x368 ./Src/LED.o
 .debug_info    0x000009a2      0x565 ./Src/SERVO.o
 .debug_info    0x00000f07      0x8cb ./Src/USART1.o
 .debug_info    0x000017d2      0x6ce ./Src/main.o
 .debug_info    0x00001ea0       0x30 ./Startup/startup_stm32l476rgtx.o

.debug_abbrev   0x00000000      0x769
 .debug_abbrev  0x00000000      0x168 ./Src/I2C.o
 .debug_abbrev  0x00000168       0xcc ./Src/LED.o
 .debug_abbrev  0x00000234       0xf7 ./Src/SERVO.o
 .debug_abbrev  0x0000032b      0x1d1 ./Src/USART1.o
 .debug_abbrev  0x000004fc      0x249 ./Src/main.o
 .debug_abbrev  0x00000745       0x24 ./Startup/startup_stm32l476rgtx.o

.debug_aranges  0x00000000      0x1b8
 .debug_aranges
                0x00000000       0x58 ./Src/I2C.o
 .debug_aranges
                0x00000058       0x40 ./Src/LED.o
 .debug_aranges
                0x00000098       0x58 ./Src/SERVO.o
 .debug_aranges
                0x000000f0       0x48 ./Src/USART1.o
 .debug_aranges
                0x00000138       0x58 ./Src/main.o
 .debug_aranges
                0x00000190       0x28 ./Startup/startup_stm32l476rgtx.o

.debug_rnglists
                0x00000000      0x137
 .debug_rnglists
                0x00000000       0x41 ./Src/I2C.o
 .debug_rnglists
                0x00000041       0x2b ./Src/LED.o
 .debug_rnglists
                0x0000006c       0x3f ./Src/SERVO.o
 .debug_rnglists
                0x000000ab       0x32 ./Src/USART1.o
 .debug_rnglists
                0x000000dd       0x41 ./Src/main.o
 .debug_rnglists
                0x0000011e       0x19 ./Startup/startup_stm32l476rgtx.o

.debug_macro    0x00000000    0x1d247
 .debug_macro   0x00000000       0xd7 ./Src/I2C.o
 .debug_macro   0x000000d7      0xade ./Src/I2C.o
 .debug_macro   0x00000bb5       0x22 ./Src/I2C.o
 .debug_macro   0x00000bd7       0x8e ./Src/I2C.o
 .debug_macro   0x00000c65       0x51 ./Src/I2C.o
 .debug_macro   0x00000cb6      0x103 ./Src/I2C.o
 .debug_macro   0x00000db9       0x6a ./Src/I2C.o
 .debug_macro   0x00000e23      0x1df ./Src/I2C.o
 .debug_macro   0x00001002      0x190 ./Src/I2C.o
 .debug_macro   0x00001192       0x28 ./Src/I2C.o
 .debug_macro   0x000011ba       0x1c ./Src/I2C.o
 .debug_macro   0x000011d6       0x22 ./Src/I2C.o
 .debug_macro   0x000011f8       0xfb ./Src/I2C.o
 .debug_macro   0x000012f3     0x1011 ./Src/I2C.o
 .debug_macro   0x00002304      0x11f ./Src/I2C.o
 .debug_macro   0x00002423    0x1a17a ./Src/I2C.o
 .debug_macro   0x0001c59d       0x58 ./Src/I2C.o
 .debug_macro   0x0001c5f5       0xcf ./Src/LED.o
 .debug_macro   0x0001c6c4       0xcf ./Src/SERVO.o
 .debug_macro   0x0001c793       0xe9 ./Src/USART1.o
 .debug_macro   0x0001c87c      0x1d5 ./Src/main.o
 .debug_macro   0x0001ca51       0x61 ./Src/main.o
 .debug_macro   0x0001cab2       0x2a ./Src/main.o
 .debug_macro   0x0001cadc       0x43 ./Src/main.o
 .debug_macro   0x0001cb1f       0x34 ./Src/main.o
 .debug_macro   0x0001cb53      0x364 ./Src/main.o
 .debug_macro   0x0001ceb7       0x16 ./Src/main.o
 .debug_macro   0x0001cecd       0x4a ./Src/main.o
 .debug_macro   0x0001cf17       0x34 ./Src/main.o
 .debug_macro   0x0001cf4b       0x10 ./Src/main.o
 .debug_macro   0x0001cf5b       0x58 ./Src/main.o
 .debug_macro   0x0001cfb3       0x8e ./Src/main.o
 .debug_macro   0x0001d041       0x1c ./Src/main.o
 .debug_macro   0x0001d05d      0x17e ./Src/main.o
 .debug_macro   0x0001d1db       0x10 ./Src/main.o
 .debug_macro   0x0001d1eb       0x3c ./Src/main.o
 .debug_macro   0x0001d227       0x20 ./Src/main.o

.debug_line     0x00000000     0x23c7
 .debug_line    0x00000000      0x83d ./Src/I2C.o
 .debug_line    0x0000083d      0x551 ./Src/LED.o
 .debug_line    0x00000d8e      0x663 ./Src/SERVO.o
 .debug_line    0x000013f1      0x65c ./Src/USART1.o
 .debug_line    0x00001a4d      0x8ff ./Src/main.o
 .debug_line    0x0000234c       0x7b ./Startup/startup_stm32l476rgtx.o

.debug_str      0x00000000    0xa2237
 .debug_str     0x00000000    0xa2237 ./Src/I2C.o
                              0x9e9b4 (size before relaxing)
 .debug_str     0x000a2237    0x9e446 ./Src/LED.o
 .debug_str     0x000a2237    0x9e507 ./Src/SERVO.o
 .debug_str     0x000a2237    0x9ea34 ./Src/USART1.o
 .debug_str     0x000a2237    0xa1c45 ./Src/main.o
 .debug_str     0x000a2237       0x97 ./Startup/startup_stm32l476rgtx.o

.comment        0x00000000       0x43
 .comment       0x00000000       0x43 ./Src/I2C.o
                                 0x44 (size before relaxing)
 .comment       0x00000043       0x44 ./Src/LED.o
 .comment       0x00000043       0x44 ./Src/SERVO.o
 .comment       0x00000043       0x44 ./Src/USART1.o
 .comment       0x00000043       0x44 ./Src/main.o

.debug_frame    0x00000000      0x500
 .debug_frame   0x00000000      0x128 ./Src/I2C.o
 .debug_frame   0x00000128       0x9c ./Src/LED.o
 .debug_frame   0x000001c4      0x100 ./Src/SERVO.o
 .debug_frame   0x000002c4       0xd0 ./Src/USART1.o
 .debug_frame   0x00000394      0x120 ./Src/main.o
 .debug_frame   0x000004b4       0x2c /home/trenton/st/stm32cubeide_2.1.1/plugins/com.st.stm32cube.ide.mcu.externaltools.gnu-tools-for-stm32.14.3.rel1.linux64_1.0.100.202602081740/tools/bin/../lib/gcc/arm-none-eabi/14.3.1/../../../../arm-none-eabi/lib/thumb/v7e-m+fp/hard/libc_nano.a(libc_a-init.o)
 .debug_frame   0x000004e0       0x20 /home/trenton/st/stm32cubeide_2.1.1/plugins/com.st.stm32cube.ide.mcu.externaltools.gnu-tools-for-stm32.14.3.rel1.linux64_1.0.100.202602081740/tools/bin/../lib/gcc/arm-none-eabi/14.3.1/../../../../arm-none-eabi/lib/thumb/v7e-m+fp/hard/libc_nano.a(libc_a-strcmp.o)

.debug_line_str
                0x00000000       0x7b
 .debug_line_str
                0x00000000       0x7b ./Startup/startup_stm32l476rgtx.o
