/home/trenton/Desktop/notes/Classes/ENGR498/Final Project/Code/ENGR498Lightswitch/CMSIS/Include/core_cm4.h:1679:22:__NVIC_EnableIRQ	16	static,ignoring_inline_asm
../Src/USART1.c:34:13:USART1_WriteChar	16	static
../Src/USART1.c:40:6:USART1_WriteString	16	static
../Src/USART1.c:49:6:USART1_Pin_Init	4	static
../Src/USART1.c:67:6:USART1_Init	8	static
../Src/USART1.c:118:6:USART1_BluetoothParser_Init	16	static
../Src/USART1.c:131:9:USART1_GetBluetoothCommand	24	static,ignoring_inline_asm
../Src/USART1.c:171:6:USART1_IRQHandler	4	static
